◇ injected env (14) from .env // tip: ⌘ multiple files { path: ['.env.local', '.env'] }
MongoDB Connected
Server running on port 5000
[0mGET /api/products [32m200[0m 146.846 ms - 25251[0m
[0mGET /api/products [32m200[0m 178.801 ms - 25251[0m
[0mGET /api/products [36m304[0m 150.013 ms - -[0m
[0mGET /api/products [32m200[0m 101.392 ms - 25251[0m
[0mGET /api/products [36m304[0m 111.000 ms - -[0m
[0mGET /api/products [36m304[0m 177.599 ms - -[0m
[0mGET /api/products [36m304[0m 186.255 ms - -[0m
[0mGET /api/products [36m304[0m 238.441 ms - -[0m
[0mGET /api/products [36m304[0m 141.796 ms - -[0m
[0mGET /api/products [36m304[0m 173.359 ms - -[0m
[0mGET /api/products [36m304[0m 142.128 ms - -[0m
[0mGET /api/products [36m304[0m 176.432 ms - -[0m
[0mGET /api/products [36m304[0m 161.404 ms - -[0m
[0mGET /api/products [36m304[0m 93.722 ms - -[0m
[0mGET /api/products [36m304[0m 84.456 ms - -[0m
[0mPOST /api/users/login [32m200[0m 199.244 ms - 242[0m
[0mGET /api/users/profile [32m200[0m 43.712 ms - 815[0m
[0mGET /api/orders/vendor/stats [32m200[0m 64.317 ms - 69[0m
[0mGET /api/products/my-products [32m200[0m 120.409 ms - 19534[0m
[0mGET /api/orders/vendor [32m200[0m 128.921 ms - 4640[0m
[0mGET /api/orders/vendor/stats [36m304[0m 63.318 ms - -[0m
[0mGET /api/orders/vendor [36m304[0m 94.387 ms - -[0m
[0mGET /api/products/my-products [36m304[0m 158.220 ms - -[0m
[0mGET /api/orders/vendor [36m304[0m 121.855 ms - -[0m
[0mGET /api/orders/vendor [36m304[0m 121.358 ms - -[0m
[0mGET /api/orders/vendor [36m304[0m 121.867 ms - -[0m
[0mGET /api/products/my-products [36m304[0m 122.611 ms - -[0m
[0mGET /api/categories [32m200[0m 32.860 ms - 3970[0m
[0mGET /api/orders/vendor [36m304[0m 95.925 ms - -[0m
[0mGET /api/products/my-products [36m304[0m 158.090 ms - -[0m
[0mGET /api/categories [36m304[0m 39.938 ms - -[0m
[0mGET /api/orders/vendor [36m304[0m 123.044 ms - -[0m
[0mGET /api/orders/vendor [36m304[0m 121.319 ms - -[0m
[0mGET /api/orders/vendor [36m304[0m 122.044 ms - -[0m
[0mGET /api/orders/vendor [36m304[0m 162.897 ms - -[0m
[0mPOST /api/products [32m201[0m 1367.863 ms - 701[0m
[0mGET /api/products/my-products [32m200[0m 184.803 ms - 20272[0m
[0mGET /api/orders/vendor [36m304[0m 123.930 ms - -[0m
[0mGET /api/orders/vendor [36m304[0m 121.286 ms - -[0m
[0mGET /api/orders/vendor [36m304[0m 120.334 ms - -[0m
[0mGET /api/orders/vendor [36m304[0m 123.232 ms - -[0m
[0mGET /api/orders/vendor [36m304[0m 120.844 ms - -[0m
[0mGET /api/orders/vendor [36m304[0m 123.131 ms - -[0m
[0mGET /api/orders/vendor [36m304[0m 364.133 ms - -[0m
[0mGET /api/orders/vendor [36m304[0m 103.191 ms - -[0m
[0mGET /api/products [32m200[0m 302.550 ms - 24574[0m
[0mGET /api/products [36m304[0m 91.377 ms - -[0m
[0mGET /api/users/profile [36m304[0m 31.564 ms - -[0m
[0mGET /api/users/profile [36m304[0m 31.176 ms - -[0m
[0mGET /api/users/profile [36m304[0m 41.183 ms - -[0m
[0mGET /api/products [32m200[0m 79.165 ms - 24574[0m
[0mGET /api/users/profile [36m304[0m 41.773 ms - -[0m
[0mGET /api/products [36m304[0m 88.704 ms - -[0m
[0mGET /api/orders/vendor [36m304[0m 128.702 ms - -[0m
[0mGET /api/products/my-products [36m304[0m 184.973 ms - -[0m
[0mGET /api/categories [36m304[0m 30.623 ms - -[0m
[0mGET /api/orders/vendor [36m304[0m 120.472 ms - -[0m
[0mGET /api/products/my-products [36m304[0m 157.798 ms - -[0m
[0mGET /api/categories [36m304[0m 39.843 ms - -[0m
[0mGET /api/orders/vendor [36m304[0m 121.844 ms - -[0m
[0mGET /api/orders/vendor [36m304[0m 121.512 ms - -[0m
[0mGET /api/orders/vendor [36m304[0m 122.056 ms - -[0m
[0mGET /api/orders/vendor [36m304[0m 129.044 ms - -[0m
[0mGET /api/orders/vendor [36m304[0m 121.688 ms - -[0m
[0mGET /api/orders/vendor [36m304[0m 121.590 ms - -[0m
[0mGET /api/orders/vendor [36m304[0m 122.080 ms - -[0m
